sync.teads.tv
r.nexac.com
magnetic.t.domdex.com
x.bidswitch.net
www.advancedtissue.com
match.adsrvr.org
ads.programattik.com
partners-api.pinterest.com
platform.twitter.com
images.taboola.com
cdn.at.atwola.com
aka-cdn-ns.adtech.de
storage.googleapis.com
uip.semasio.net
airogap.com
ad.sxp.smartclip.net
crl.microsoft.com
cm.g.doubleclick.net
tacoda.at.atwola.com
b.aol.com
i.simpli.fi
pixel.jumptap.com
-
s.huffpost.com
redirector.gvt1.com
www.linkedin.com
adserver.adtech.de
95.213.134.121
srv-2016-03-19-13.pixel.parsely.com
srv-2016-03-19-13.config.parsely.com
js.moatads.com
d8rk54i4mohrb.cloudfront.net
ak.sail-horizon.com
js-agent.newrelic.com
assets.adobedtm.com
cas.pxl.ace.advertising.com
